Refresh started: 2026-08-29 21:23:14

===============================================================================================
                         AI JOB HUNTER
                    MASTER JOB REFRESH
===============================================================================================

This will run:
  job_search.py
       ↓
  job_verifier.py
       ↓
  resume_matcher.py
       ↓
  application_ranker.py
       ↓
  application_tracker.py
       ↓
  application_prep.py

Existing active applications: 0
Existing archived jobs: 16


==========================================================================================
RUNNING: job_search.py
==========================================================================================

===========================================================================
        AI DATA ENGINEERING JOB HUNTER V7
===========================================================================

===========================================================================
SEARCHING FOR JOBS
===========================================================================

SEARCH: Data Engineer
  Offset 0: 100 jobs / 989 available
  Offset 100: 100 jobs / 989 available
  Offset 200: 100 jobs / 989 available
  Offset 300: 100 jobs / 989 available
  Offset 400: 100 jobs / 989 available
  Offset 500: 100 jobs / 989 available
  Offset 600: 100 jobs / 989 available
  Offset 700: 100 jobs / 989 available
  Offset 800: 100 jobs / 989 available
  Offset 900: 89 jobs / 989 available

SEARCH: Data Engineering
  Offset 0: 100 jobs / 989 available
  Offset 100: 100 jobs / 989 available
  Offset 200: 100 jobs / 989 available
  Offset 300: 100 jobs / 989 available
  Offset 400: 100 jobs / 989 available
  Offset 500: 100 jobs / 989 available
  Offset 600: 100 jobs / 989 available
  Offset 700: 100 jobs / 989 available
  Offset 800: 100 jobs / 989 available
  Offset 900: 89 jobs / 989 available

SEARCH: Data Platform Engineer
  Offset 0: 100 jobs / 989 available
  Offset 100: 100 jobs / 989 available
  Offset 200: 100 jobs / 989 available
  Offset 300: 100 jobs / 989 available
  Offset 400: 100 jobs / 989 available
  Offset 500: 100 jobs / 989 available
  Offset 600: 100 jobs / 989 available
  Offset 700: 100 jobs / 989 available
  Offset 800: 100 jobs / 989 available
  Offset 900: 89 jobs / 989 available

SEARCH: Databricks Data Engineer
  Offset 0: 91 jobs / 91 available

SEARCH: PySpark Data Engineer
  Offset 0: 59 jobs / 59 available

SEARCH: Spark Data Engineer
  Offset 0: 56 jobs / 56 available

SEARCH: AWS Data Engineer
  Offset 0: 92 jobs / 92 available

SEARCH: Azure Data Engineer
  Offset 0: 99 jobs / 99 available

SEARCH: Junior Data Engineer
  Offset 0: 14 jobs / 14 available

SEARCH: Associate Data Engineer
  Offset 0: 52 jobs / 52 available

SEARCH: Entry Level Data Engineer
  Offset 0: 1 jobs / 1 available

SEARCH: Graduate Data Engineer
  Offset 0: 1 jobs / 1 available

SEARCH: Fresher Data Engineer
  Offset 0: 0 jobs / 0 available

SEARCH: Trainee Data Engineer
  Offset 0: 1 jobs / 1 available

SEARCH: Junior Databricks Data Engineer
  Offset 0: 14 jobs / 14 available

SEARCH: Junior PySpark Data Engineer
  Offset 0: 14 jobs / 14 available

===========================================================================
SEARCH SUMMARY
===========================================================================
Raw jobs received: 3461
Unique jobs: 900

===========================================================================
FILTER SUMMARY
===========================================================================
Title filtered: 152
Location filtered: 0
Seniority filtered: 366
Experience filtered: 161
Final matches: 221

APPLY: 16
STRONG MAYBE: 13
STRETCH: 13
MAYBE: 49
LOW PRIORITY: 130

Saved all filtered jobs to:
jobs.json

===========================================================================
        TOP JOBS FOR YOU
===========================================================================

#1 MATCH: 100/100 [APPLY]
TITLE: Associate Data Engineer
COMPANY: ecolab
LOCATION: IND - Maharashtra - Pune
EXPERIENCE: 2.0
URL: https://ecolab.wd1.myworkdayjobs.com/Ecolab_External/job/IND---Maharashtra---Pune/Associate-Data-Engineer_R00296465?utm_source=freehire.me
---------------------------------------------------------------------------

#2 MATCH: 100/100 [APPLY]
TITLE: Associate Data Engineer
COMPANY: Ecolab
LOCATION: Pune, Mahārāshtra
EXPERIENCE: 2.0
URL: https://jobs.ecolab.com/global/en/job/EIYEIEUSR00296465EXTERNALENGLOBAL?utm_source=freehire.me
---------------------------------------------------------------------------

#3 MATCH: 99/100 [APPLY]
TITLE: Associate Data Engineer
COMPANY: Amgen
LOCATION: India - Hyderabad
EXPERIENCE: 2.0
URL: https://amgen.wd1.myworkdayjobs.com/Careers/job/India---Hyderabad/Associate-Data-Engineer_R-250969?utm_source=freehire.me
---------------------------------------------------------------------------

#4 MATCH: 93/100 [APPLY]
TITLE: Palantir Foundry Data Engineer
COMPANY: Empower
LOCATION: KA Bangalore
EXPERIENCE: 2.0
URL: https://empower.wd12.myworkdayjobs.com/empower/job/KA-Bangalore/Palantir-Foundry-Data-Engineer_R0061886?utm_source=freehire.me
---------------------------------------------------------------------------

#5 MATCH: 93/100 [APPLY]
TITLE: Data Engineer, AI
COMPANY: Bosch
LOCATION: Bangalore, India
EXPERIENCE: 2.0
URL: https://jobs.smartrecruiters.com/boschgroup/744000140196749?utm_source=freehire.me
---------------------------------------------------------------------------

#6 MATCH: 92/100 [STRETCH]
TITLE: Data Engineer
COMPANY: KPMG Ukraine
LOCATION: Bangalore, Karnataka, India
EXPERIENCE: 3.0
URL: https://ejgk.fa.em2.oraclecloud.com/hcmUI/CandidateExperience/en/sites/jobsearch/job/30049488?utm_source=freehire.me
---------------------------------------------------------------------------

#7 MATCH: 92/100 [APPLY]
TITLE: Process Data Engineer I - Pharmaceutical Product Development
COMPANY: Bristol Myers Squibb
LOCATION: Hyderabad - TS - IN
EXPERIENCE: 2.0
URL: https://bristolmyerssquibb.wd5.myworkdayjobs.com/BMS/job/Hyderabad---TS---IN/Process-Data-Engineer-I---Pharmaceutical-Product-Development_R1605604-1?utm_source=freehire.me
---------------------------------------------------------------------------

#8 MATCH: 89/100 [APPLY]
TITLE: Data Engineer
COMPANY: EXL
LOCATION: Gurugram, Haryana, India
EXPERIENCE: 2.0
URL: https://fa-ewjt-saasfaprod1.fa.ocs.oraclecloud.com/hcmUI/CandidateExperience/en/sites/CX_2/job/17456?utm_source=freehire.me
---------------------------------------------------------------------------

#9 MATCH: 88/100 [APPLY]
TITLE: Data Engineer
COMPANY: Baxter International
LOCATION: Bangalore, Karnataka
EXPERIENCE: 1.0
URL: https://baxter.wd1.myworkdayjobs.com/baxter/job/Bangalore-Karnataka/Data-Engineer_JR-207263-1?utm_source=freehire.me
---------------------------------------------------------------------------

#10 MATCH: 86/100 [MAYBE]
TITLE: Data Engineer II
COMPANY: Swiss Re
LOCATION: Hyderabad, TG, IN
EXPERIENCE: None
URL: https://aijobs.net/job/data-engineer-ii-hyderabad-tg-in-306909/?utm_source=freehire.me
---------------------------------------------------------------------------

#11 MATCH: 86/100 [STRETCH]
TITLE: Data Engineer – Experienced Associate
COMPANY: pwc
LOCATION: Bangalore
EXPERIENCE: 3.0
URL: https://pwc.wd3.myworkdayjobs.com/CRM_Experienced_Careers_Site/job/Bangalore/Data-Engineer---Experienced-Associate_754723WD?utm_source=freehire.me
---------------------------------------------------------------------------

#12 MATCH: 84/100 [APPLY]
TITLE: Data Engineer — AI & Agentic Solutions
COMPANY: lilly
LOCATION: India, Bengaluru
EXPERIENCE: 2.0
URL: https://lilly.wd115.myworkdayjobs.com/LLY/job/India-Bengaluru/Data-Engineer---AI---Agentic-Solutions_R-110018-1?utm_source=freehire.me
---------------------------------------------------------------------------

#13 MATCH: 81/100 [APPLY]
TITLE: Software Engineer, Data Engineer
COMPANY: LG Ad Solutions
LOCATION: Bangalore, India
EXPERIENCE: 2.0
URL: https://jobs.ashbyhq.com/lgads/57f48091-6bf5-4dff-9e16-5f856f6c0b20?utm_source=freehire.me
---------------------------------------------------------------------------

#14 MATCH: 80/100 [MAYBE]
TITLE: Data Engineer
COMPANY: Kpmg India
LOCATION: Bangalore, Karnataka, India
EXPERIENCE: None
URL: https://aijobs.net/job/data-engineer-bangalore-karnataka-india-307392/?utm_source=freehire.me
---------------------------------------------------------------------------

#15 MATCH: 78/100 [APPLY]
TITLE: Software Engineer 2 - Abnormal Data Platform
COMPANY: Abnormal Security
LOCATION: Hybrid - Bangalore, India
EXPERIENCE: 1.0
URL: https://abnormal.ai/careers/jobs/7816911003?gh_jid=7816911003&utm_source=freehire.me
---------------------------------------------------------------------------

#16 MATCH: 77/100 [APPLY]
TITLE: Data Engineering Analyst
COMPANY: Cigna Group
LOCATION: Bengaluru, India
EXPERIENCE: 2.0
URL: https://cigna.wd5.myworkdayjobs.com/cignacareers/job/Bengaluru-India/Data-Engineering-Analyst_26009904?utm_source=freehire.me
---------------------------------------------------------------------------

#17 MATCH: 77/100 [APPLY]
TITLE: Data Engineering Analyst
COMPANY: Allegiance Benefit Plan Management
LOCATION: Bengaluru, Karnātaka
EXPERIENCE: 2.0
URL: https://jobs.thecignagroup.com/us/en/job/CIGNUS26009904EXTERNALENUS?utm_source=freehire.me
---------------------------------------------------------------------------

#18 MATCH: 77/100 [APPLY]
TITLE: Engineer, Data Engineering
COMPANY: dowjones
LOCATION: Bangalore
EXPERIENCE: 2.0
URL: https://dowjones.wd1.myworkdayjobs.com/News_Corp_Careers/job/Bangalore/Engineer--Data-Engineering_Job_Req_54785?utm_source=freehire.me
---------------------------------------------------------------------------

#19 MATCH: 77/100 [APPLY]
TITLE: Data Engineer
COMPANY: NatWest Group
LOCATION: Bengaluru
EXPERIENCE: None
URL: https://rbs.wd3.myworkdayjobs.com/RBS/job/Bengaluru/Data-Engineer_R-00283667-1?utm_source=freehire.me
---------------------------------------------------------------------------

#20 MATCH: 76/100 [STRETCH]
TITLE: Data Engineer
COMPANY: WPP
LOCATION: Chennai, India
EXPERIENCE: 3.0
URL: https://job-boards.greenhouse.io/wpp/jobs/8515105002?utm_source=freehire.me
---------------------------------------------------------------------------

#21 MATCH: 76/100 [MAYBE]
TITLE: Azure Data Engineer - API Development-1
COMPANY: diconium
LOCATION: Bangalore
EXPERIENCE: None
URL: https://diconium.wd3.myworkdayjobs.com/Embitel_Technologies/job/Bangalore/Azure-Data-Engineer---API-Development-1_JR101450?utm_source=freehire.me
---------------------------------------------------------------------------

#22 MATCH: 76/100 [APPLY]
TITLE: AWS Data Engineer
COMPANY: Citi
LOCATION: Pune, Maharashtra
EXPERIENCE: 0.0
URL: https://citi.wd5.myworkdayjobs.com/en-US/2/job/AWS-Data-Engineer_26958196?utm_source=freehire.me
---------------------------------------------------------------------------

#23 MATCH: 74/100 [STRONG MAYBE]
TITLE: Technical Data Engineer (Databricks)
COMPANY: ShyftLabs
LOCATION: Coimbatore
EXPERIENCE: 2.0
URL: https://jobs.lever.co/shyftlabs/7d46b391-a417-4816-aa96-29d5c7e58330?utm_source=freehire.me
---------------------------------------------------------------------------

#24 MATCH: 74/100 [STRONG MAYBE]
TITLE: AI Data Engineer
COMPANY: Kyndryl Canada
LOCATION: Bangalore, Karnataka, India; Hyderabad, Telangana, India; Gurgaon, Haryana, India; Chennai, Tamil Nadu, India; Pune, Maharashtra, India; Greater Noida, Uttar Pradesh, India
EXPERIENCE: 2.0
URL: https://kyndryl.wd5.myworkdayjobs.com/en-US/KyndrylProfessionalCareers/job/AI-Data-Engineer_R-66454?utm_source=freehire.me
---------------------------------------------------------------------------

#25 MATCH: 73/100 [STRONG MAYBE]
TITLE: Data Engineer, Cross Border Science and Analytics
COMPANY: Amazon
LOCATION: Bengaluru, Karnataka
EXPERIENCE: 1.0
URL: https://amazon.jobs//en/jobs/10407655/data-engineer-cross-border-science-and-analytics/?utm_source=freehire.me
---------------------------------------------------------------------------

==========================================================================================
RUNNING: job_verifier.py
==========================================================================================

===============================================================================================
                         JOB VERIFIER
===============================================================================================

Jobs loaded: 193
Duplicates removed: 1
Jobs to verify: 192

[1/192] KPMG Ukraine - Executive-GDC (Data Engineer)
  URL: https://ejgk.fa.em2.oraclecloud.com/hcmUI/CandidateExperience/en/sites/jobsearch/job/30043569?utm_source=freehire.me
  Experience: None
  Required skills: 0
  Preferred skills: 0
  Mentioned skills: 0
  Seniority: UNKNOWN
  Status: PARTIAL

[2/192] Amgen - Associate Data Engineer
  URL: https://amgen.wd1.myworkdayjobs.com/Careers/job/India---Hyderabad/Associate-Data-Engineer_R-250969?utm_source=freehire.me
  Experience: 2.0
  Required skills: 15
  Preferred skills: 0
  Mentioned skills: 3
  Seniority: JUNIOR
  Status: VERIFIED

[3/192] TechDome - Data Engineer
  URL: https://techdome.keka.com/careers/jobdetails/150645?utm_source=freehire.me
  Experience: 4.0
  Required skills: 0
  Preferred skills: 1
  Mentioned skills: 16
  Seniority: UNKNOWN
  Status: PARTIAL

[4/192] JLL - Data Engineer
  URL: https://jll.wd1.myworkdayjobs.com/en-US/jllcareers/job/Data-Engineer-2_REQ508826?utm_source=freehire.me
  Experience: None
  Required skills: 0
  Preferred skills: 0
  Mentioned skills: 0
  Seniority: UNKNOWN
  Status: PARTIAL

[5/192] gea - Associate Data Engineering
  URL: https://gea.wd3.myworkdayjobs.com/GEACareers/job/Bengaluru/Associate-Data-Engineering_JR-0038042-1?utm_source=freehire.me
  Experience: None
  Required skills: 0
  Preferred skills: 0
  Mentioned skills: 0
  Seniority: JUNIOR
  Status: PARTIAL

[6/192] KPMG Ukraine - Associate Consultant - Data Engineer(Python/Pyspark)
  URL: https://ejgk.fa.em2.oraclecloud.com/hcmUI/CandidateExperience/en/sites/jobsearch/job/30047104?utm_source=freehire.me
  Experience: None
  Required skills: 0
  Preferred skills: 0
  Mentioned skills: 0
  Seniority: JUNIOR
  Status: PARTIAL

[7/192] Bosch Group - Data Engineer_AI
  URL: https://jobs.smartrecruiters.com/BoschGroup/744000140196749-data-engineer-ai?utm_source=freehire.me
  Experience: None
  Required skills: 0
  Preferred skills: 0
  Mentioned skills: 0
  Seniority: UNKNOWN
  Status: PARTIAL

[8/192] Cognizant - Python__Data Engineering
  URL: https://cognizant.taleo.net/careersection/naukri/jobdetail.ftl?job=00068698971&lang=en&utm_source=freehire.me
  Experience: None
  Required skills: 0
  Preferred skills: 0
  Mentioned skills: 0
  Seniority: UNKNOWN
  Status: PARTIAL

[9/192] Zensar - GCP Data Engineer
  URL: https://fa-etvl-saasfaprod1.fa.ocs.oraclecloud.com/hcmUI/CandidateExperience/en/sites/CX_1/job/149655?utm_source=freehire.me
  Experience: None
  Required skills: 0
  Preferred skills: 0
  Mentioned skills: 0
  Seniority: UNKNOWN
  Status: PARTIAL

[10/192] Zensar Technologies - GCP Data Engineer
  URL: https://fa-etvl-saasfaprod1.fa.ocs.oraclecloud.com/hcmUI/CandidateExperience/en/sites/jobsearch/job/149655?utm_source=freehire.me
  Experience: None
  Required skills: 0
  Preferred skills: 0
  Mentioned skills: 0
  Seniority: UNKNOWN
  Status: PARTIAL

[11/192] Capco - Data Engineer - Python and Azure Data Bricks
  URL: https://job-boards.greenhouse.io/capco/jobs/7982044?utm_source=freehire.me
  Experience: 4.0
  Required skills: 5
  Preferred skills: 0
  Mentioned skills: 6
  Seniority: UNKNOWN
  Status: VERIFIED

[12/192] diconium - Data Engineer
  URL: https://diconium.wd3.myworkdayjobs.com/Embitel_Technologies/job/Bangalore/Data-Engineer_JR101210?utm_source=freehire.me
  Experience: None
  Required skills: 5
  Preferred skills: 0
  Mentioned skills: 6
  Seniority: UNKNOWN
  Status: PARTIAL

[13/192] ShyftLabs - Technical Data Engineer (Databricks)
  URL: https://jobs.lever.co/shyftlabs/7d46b391-a417-4816-aa96-29d5c7e58330?utm_source=freehire.me
  Experience: 5.0
  Required skills: 5
  Preferred skills: 0
  Mentioned skills: 12
  Seniority: UNKNOWN
  Status: VERIFIED

[14/192] amadeus - Data Engineer 3
  URL: https://amadeus.wd502.myworkdayjobs.com/jobs/job/Bangalore/Data-Engineer-3_R36099-1?utm_source=freehire.me
  Experience: None
  Required skills: 0
  Preferred skills: 0
  Mentioned skills: 0
  Seniority: UNKNOWN
  Status: PARTIAL

[15/192] Bosch - Data Engineer, AI
  URL: https://jobs.smartrecruiters.com/boschgroup/744000140196749?utm_source=freehire.me
  Experience: None
  Required skills: 0
  Preferred skills: 0
  Mentioned skills: 0
  Seniority: UNKNOWN
  Status: PARTIAL

[16/192] Two Circles - Data Engineer (Audience Intelligence)
  URL: https://apply.workable.com/j/D982CAB2D3?utm_source=freehire.me
  Experience: None
  Required skills: 0
  Preferred skills: 0
  Mentioned skills: 0
  Seniority: UNKNOWN
  Status: PARTIAL

[17/192] Amazon - Data Engineer, Cross Border Science and Analytics
  URL: https://amazon.jobs//en/jobs/10407655/data-engineer-cross-border-science-and-analytics/?utm_source=freehire.me
  FAILED: HTTP Error 404: Not Found
[18/192] ShyftLabs - Data Engineer
  URL: https://jobs.lever.co/shyftlabs/a34ac0d8-9c48-4cd6-9c12-c5a6740b18ac?utm_source=freehire.me
  Experience: 2.0
  Required skills: 9
  Preferred skills: 0
  Mentioned skills: 2
  Seniority: UNKNOWN
  Status: VERIFIED

[19/192] LG Ad Solutions - Software Engineer, Data Engineer
  URL: https://jobs.ashbyhq.com/lgads/57f48091-6bf5-4dff-9e16-5f856f6c0b20?utm_source=freehire.me
  Experience: None
  Required skills: 0
  Preferred skills: 9
  Mentioned skills: 1
  Seniority: UNKNOWN
  Status: PARTIAL

[20/192] ADCI - Karnataka - Data Engineer, Conversational Shopping Data Engineering
  URL: https://en-in.whatjobs.com/pub_api__cpl__240434943__7111?geoID=15842&utm_campaign=publisher&utm_medium=api&utm_source=freehire.me
  Experience: None
  Required skills: 0
  Preferred skills: 0
  Mentioned skills: 0
  Seniority: UNKNOWN
  Status: PARTIAL

[21/192] pditechnologies - Data Engineer II
  URL: https://jobs.lever.co/pditechnologies/98eeda02-b020-4266-b48d-2733ab3994aa?utm_source=freehire.me
  Experience: 2.0
  Required skills: 8
  Preferred skills: 3
  Mentioned skills: 0
  Seniority: UNKNOWN
  Status: VERIFIED

[22/192] Nike - Data Engineer I, ITC
  URL: https://nike.wd1.myworkdayjobs.com/nke/job/Karnataka-India/Data-Engineer-I--ITC_R-76407?utm_source=freehire.me
  Experience: None
  Required skills: 0
  Preferred skills: 0
  Mentioned skills: 0
  Seniority: UNKNOWN
  Status: PARTIAL

[23/192] Msd - Data Engineering Specialist
  URL: https://echojobs.io/job/msd-specialist-data-engineering-qoreq?utm_source=freehire.me
  FAILED: HTTP Error 429: Too Many Requests
[24/192] ADV TECHMINDS - AWS DATA ENGINEER & ETL EXPERT ( FREELANCE REMOTE )
  URL: https://en-in.whatjobs.com/pub_api__cpl__239651822__7111?geoID=2062&utm_campaign=publisher&utm_medium=api&utm_source=freehire.me
  FAILED: HTTP Error 403: Forbidden
[25/192] Elfonze Technologies - Data Engineer
  URL: https://elfonze.zohorecruit.in/jobs/Careers/41527000034777662?utm_source=freehire.me
  Experience: None
  Required skills: 0
  Preferred skills: 0
  Mentioned skills: 0
  Seniority: UNKNOWN
  Status: PARTIAL

[26/192] Citi - AWS Data Engineer
  URL: https://citi.wd5.myworkdayjobs.com/en-US/2/job/AWS-Data-Engineer_26958196?utm_source=freehire.me
  Experience: None
  Required skills: 0
  Preferred skills: 0
  Mentioned skills: 0
  Seniority: UNKNOWN
  Status: PARTIAL

[27/192] Black Box - Data Engineer
  URL: https://eoje.fa.us2.oraclecloud.com/hcmUI/CandidateExperience/en/sites/CX_1001/job/6505?utm_source=freehire.me
  Experience: None
  Required skills: 0
  Preferred skills: 0
  Mentioned skills: 0
  Seniority: UNKNOWN
  Status: PARTIAL

[28/192] Barclays - Data Engineer - ETL
  URL: https://barclays.wd3.myworkdayjobs.com/External_Career_Site_Barclays/job/Bengaluru-Maruthi-Onyx---TESCO-TSA/Data-Engineer---ETL_JR-0000118108?utm_source=freehire.me
  Experience: None
  Required skills: 6
  Preferred skills: 0
  Mentioned skills: 7
  Seniority: UNKNOWN
  Status: PARTIAL

[29/192] omnissa - Databricks Data Engineer - Bengaluru
  URL: https://omnissa.wd501.myworkdayjobs.com/Omnissa_External_Career_Site/job/Bengaluru-India/Databricks-Data-Engineer---Bengaluru_R-102067-2?utm_source=freehire.me
  Experience: None
  Required skills: 0
  Preferred skills: 0
  Mentioned skills: 0
  Seniority: UNKNOWN
  Status: PARTIAL

[30/192] Freshworks - Specialist - Data Platform Engineering
  URL: https://jobs.smartrecruiters.com/Freshworks/744000143102264-specialist-data-platform-engineering?utm_source=freehire.me
